// Jest Snapshot v1, https://goo.gl/fbAQLP

exports[`this component renders correctly 1`] = `
<DocumentFragment>
  <div
    class="row g-4"
  >
    [object Object]
  </div>
</DocumentFragment>
`;
